| A.java:15:25:15:32 | source(...) | A.java:16:10:16:10 | x | A.java:14:8:14:10 | foo |
