| file://:0:0:0:0 | private |
| file://:0:0:0:0 | public |
