multipleCallTargets
| main.rs:9:43:9:63 | ...::from(...) |
