| object_literals.swift:5:5:5:42 | #fileLiteral(...) | hasType: | no | getKind: | 0 | getNumberOfArguments: | 1 |
| object_literals.swift:6:5:6:61 | #colorLiteral(...) | hasType: | no | getKind: | 2 | getNumberOfArguments: | 4 |
| object_literals.swift:7:5:7:44 | #imageLiteral(...) | hasType: | no | getKind: | 1 | getNumberOfArguments: | 1 |
