| test.cpp:18:6:18:10 | ... > ... | "if (a+b>c) a=c-b" was detected where the $@ may potentially overflow/wraparound. The code can be rewritten as "if (a>c-b) a=c-b" which avoids the overflow. | test.cpp:18:6:18:8 | ... + ... | addition |
| test.cpp:19:6:19:10 | ... > ... | "if (a+b>c) a=c-b" was detected where the $@ may potentially overflow/wraparound. The code can be rewritten as "if (a>c-b) a=c-b" which avoids the overflow. | test.cpp:19:6:19:8 | ... + ... | addition |
| test.cpp:20:6:20:10 | ... > ... | "if (a+b>c) a=c-b" was detected where the $@ may potentially overflow/wraparound. The code can be rewritten as "if (a>c-b) a=c-b" which avoids the overflow. | test.cpp:20:6:20:8 | ... + ... | addition |
| test.cpp:21:6:21:10 | ... > ... | "if (a+b>c) a=c-b" was detected where the $@ may potentially overflow/wraparound. The code can be rewritten as "if (a>c-b) a=c-b" which avoids the overflow. | test.cpp:21:6:21:8 | ... + ... | addition |
| test.cpp:22:6:22:10 | ... > ... | "if (a+b>c) a=c-b" was detected where the $@ may potentially overflow/wraparound. The code can be rewritten as "if (a>c-b) a=c-b" which avoids the overflow. | test.cpp:22:8:22:10 | ... + ... | addition |
| test.cpp:23:6:23:10 | ... > ... | "if (a+b>c) a=c-b" was detected where the $@ may potentially overflow/wraparound. The code can be rewritten as "if (a>c-b) a=c-b" which avoids the overflow. | test.cpp:23:8:23:10 | ... + ... | addition |
| test.cpp:24:6:24:10 | ... > ... | "if (a+b>c) a=c-b" was detected where the $@ may potentially overflow/wraparound. The code can be rewritten as "if (a>c-b) a=c-b" which avoids the overflow. | test.cpp:24:8:24:10 | ... + ... | addition |
| test.cpp:25:6:25:10 | ... > ... | "if (a+b>c) a=c-b" was detected where the $@ may potentially overflow/wraparound. The code can be rewritten as "if (a>c-b) a=c-b" which avoids the overflow. | test.cpp:25:8:25:10 | ... + ... | addition |
| test.cpp:27:6:27:11 | ... >= ... | "if (a+b>c) a=c-b" was detected where the $@ may potentially overflow/wraparound. The code can be rewritten as "if (a>c-b) a=c-b" which avoids the overflow. | test.cpp:27:6:27:8 | ... + ... | addition |
| test.cpp:28:6:28:11 | ... >= ... | "if (a+b>c) a=c-b" was detected where the $@ may potentially overflow/wraparound. The code can be rewritten as "if (a>c-b) a=c-b" which avoids the overflow. | test.cpp:28:6:28:8 | ... + ... | addition |
| test.cpp:29:6:29:11 | ... >= ... | "if (a+b>c) a=c-b" was detected where the $@ may potentially overflow/wraparound. The code can be rewritten as "if (a>c-b) a=c-b" which avoids the overflow. | test.cpp:29:6:29:8 | ... + ... | addition |
| test.cpp:30:6:30:11 | ... >= ... | "if (a+b>c) a=c-b" was detected where the $@ may potentially overflow/wraparound. The code can be rewritten as "if (a>c-b) a=c-b" which avoids the overflow. | test.cpp:30:6:30:8 | ... + ... | addition |
| test.cpp:31:6:31:11 | ... >= ... | "if (a+b>c) a=c-b" was detected where the $@ may potentially overflow/wraparound. The code can be rewritten as "if (a>c-b) a=c-b" which avoids the overflow. | test.cpp:31:9:31:11 | ... + ... | addition |
| test.cpp:32:6:32:11 | ... >= ... | "if (a+b>c) a=c-b" was detected where the $@ may potentially overflow/wraparound. The code can be rewritten as "if (a>c-b) a=c-b" which avoids the overflow. | test.cpp:32:9:32:11 | ... + ... | addition |
| test.cpp:33:6:33:11 | ... >= ... | "if (a+b>c) a=c-b" was detected where the $@ may potentially overflow/wraparound. The code can be rewritten as "if (a>c-b) a=c-b" which avoids the overflow. | test.cpp:33:9:33:11 | ... + ... | addition |
| test.cpp:34:6:34:11 | ... >= ... | "if (a+b>c) a=c-b" was detected where the $@ may potentially overflow/wraparound. The code can be rewritten as "if (a>c-b) a=c-b" which avoids the overflow. | test.cpp:34:9:34:11 | ... + ... | addition |
| test.cpp:36:6:36:10 | ... < ... | "if (a+b>c) a=c-b" was detected where the $@ may potentially overflow/wraparound. The code can be rewritten as "if (a>c-b) a=c-b" which avoids the overflow. | test.cpp:36:6:36:8 | ... + ... | addition |
| test.cpp:37:6:37:10 | ... < ... | "if (a+b>c) a=c-b" was detected where the $@ may potentially overflow/wraparound. The code can be rewritten as "if (a>c-b) a=c-b" which avoids the overflow. | test.cpp:37:6:37:8 | ... + ... | addition |
| test.cpp:38:6:38:10 | ... < ... | "if (a+b>c) a=c-b" was detected where the $@ may potentially overflow/wraparound. The code can be rewritten as "if (a>c-b) a=c-b" which avoids the overflow. | test.cpp:38:6:38:8 | ... + ... | addition |
| test.cpp:39:6:39:10 | ... < ... | "if (a+b>c) a=c-b" was detected where the $@ may potentially overflow/wraparound. The code can be rewritten as "if (a>c-b) a=c-b" which avoids the overflow. | test.cpp:39:6:39:8 | ... + ... | addition |
| test.cpp:40:6:40:10 | ... < ... | "if (a+b>c) a=c-b" was detected where the $@ may potentially overflow/wraparound. The code can be rewritten as "if (a>c-b) a=c-b" which avoids the overflow. | test.cpp:40:8:40:10 | ... + ... | addition |
| test.cpp:41:6:41:10 | ... < ... | "if (a+b>c) a=c-b" was detected where the $@ may potentially overflow/wraparound. The code can be rewritten as "if (a>c-b) a=c-b" which avoids the overflow. | test.cpp:41:8:41:10 | ... + ... | addition |
| test.cpp:42:6:42:10 | ... < ... | "if (a+b>c) a=c-b" was detected where the $@ may potentially overflow/wraparound. The code can be rewritten as "if (a>c-b) a=c-b" which avoids the overflow. | test.cpp:42:8:42:10 | ... + ... | addition |
| test.cpp:43:6:43:10 | ... < ... | "if (a+b>c) a=c-b" was detected where the $@ may potentially overflow/wraparound. The code can be rewritten as "if (a>c-b) a=c-b" which avoids the overflow. | test.cpp:43:8:43:10 | ... + ... | addition |
| test.cpp:45:6:45:11 | ... <= ... | "if (a+b>c) a=c-b" was detected where the $@ may potentially overflow/wraparound. The code can be rewritten as "if (a>c-b) a=c-b" which avoids the overflow. | test.cpp:45:6:45:8 | ... + ... | addition |
| test.cpp:46:6:46:11 | ... <= ... | "if (a+b>c) a=c-b" was detected where the $@ may potentially overflow/wraparound. The code can be rewritten as "if (a>c-b) a=c-b" which avoids the overflow. | test.cpp:46:6:46:8 | ... + ... | addition |
| test.cpp:47:6:47:11 | ... <= ... | "if (a+b>c) a=c-b" was detected where the $@ may potentially overflow/wraparound. The code can be rewritten as "if (a>c-b) a=c-b" which avoids the overflow. | test.cpp:47:6:47:8 | ... + ... | addition |
| test.cpp:48:6:48:11 | ... <= ... | "if (a+b>c) a=c-b" was detected where the $@ may potentially overflow/wraparound. The code can be rewritten as "if (a>c-b) a=c-b" which avoids the overflow. | test.cpp:48:6:48:8 | ... + ... | addition |
| test.cpp:49:6:49:11 | ... <= ... | "if (a+b>c) a=c-b" was detected where the $@ may potentially overflow/wraparound. The code can be rewritten as "if (a>c-b) a=c-b" which avoids the overflow. | test.cpp:49:9:49:11 | ... + ... | addition |
| test.cpp:50:6:50:11 | ... <= ... | "if (a+b>c) a=c-b" was detected where the $@ may potentially overflow/wraparound. The code can be rewritten as "if (a>c-b) a=c-b" which avoids the overflow. | test.cpp:50:9:50:11 | ... + ... | addition |
| test.cpp:51:6:51:11 | ... <= ... | "if (a+b>c) a=c-b" was detected where the $@ may potentially overflow/wraparound. The code can be rewritten as "if (a>c-b) a=c-b" which avoids the overflow. | test.cpp:51:9:51:11 | ... + ... | addition |
| test.cpp:52:6:52:11 | ... <= ... | "if (a+b>c) a=c-b" was detected where the $@ may potentially overflow/wraparound. The code can be rewritten as "if (a>c-b) a=c-b" which avoids the overflow. | test.cpp:52:9:52:11 | ... + ... | addition |
| test.cpp:54:6:54:10 | ... > ... | "if (a+b>c) a=c-b" was detected where the $@ may potentially overflow/wraparound. The code can be rewritten as "if (a>c-b) a=c-b" which avoids the overflow. | test.cpp:54:6:54:8 | ... + ... | addition |
| test.cpp:61:6:61:11 | ... <= ... | "if (a+b>c) a=c-b" was detected where the $@ may potentially overflow/wraparound. The code can be rewritten as "if (a>c-b) a=c-b" which avoids the overflow. | test.cpp:61:6:61:8 | ... + ... | addition |
| test.cpp:62:6:62:11 | ... <= ... | "if (a+b>c) a=c-b" was detected where the $@ may potentially overflow/wraparound. The code can be rewritten as "if (a>c-b) a=c-b" which avoids the overflow. | test.cpp:62:6:62:8 | ... + ... | addition |
