edges
| test.py:5:12:5:24 | hard coded value | test.py:14:18:14:25 | hard coded value |
| test.py:5:12:5:24 | hard coded value | test.py:14:18:14:25 | hard coded value |
| test.py:6:12:6:25 | hard coded value | test.py:15:18:15:25 | hard coded value |
| test.py:6:12:6:25 | hard coded value | test.py:15:18:15:25 | hard coded value |
#select
| test.py:5:12:5:24 | Str | test.py:5:12:5:24 | hard coded value | test.py:14:18:14:25 | hard coded value | This hardcoded value is $@. | test.py:14:18:14:25 | USERNAME | used as credentials |
| test.py:6:12:6:25 | Str | test.py:6:12:6:25 | hard coded value | test.py:15:18:15:25 | hard coded value | This hardcoded value is $@. | test.py:15:18:15:25 | PASSWORD | used as credentials |
