| variables_test.py:29:5:29:5 | x | Variable x is not used. |
| variables_test.py:89:5:89:5 | a | Variable a is not used. |
| variables_test.py:89:7:89:7 | b | Variable b is not used. |
| variables_test.py:89:9:89:9 | c | Variable c is not used. |
| variables_test.py:95:5:95:7 | var | Variable var is not used. |
