| java.io.FileWriter#FileWriter(File) | 1 |
| java.net.URL#openStream() | 1 |
