edges
nodes
| Test.java:10:27:10:59 | getHeader(...) | semmle.label | getHeader(...) |
subpaths
#select
| Test.java:10:27:10:59 | getHeader(...) | Test.java:10:27:10:59 | getHeader(...) | Test.java:10:27:10:59 | getHeader(...) | Possible timing attack against $@ validation. | Test.java:10:27:10:59 | getHeader(...) | client-supplied token |
