| v0.0.0-20150410010913-600d898af40a | 0.0.0 |
| v0.0.0-20150808065054-e02fc20de94c | 0.0.0 |
| v0.0.0-20160315200505-970db520ece7 | 0.0.0 |
| v0.0.0-20170225233418-6fe8760cad35 | 0.0.0 |
| v0.0.0-20170528113821-0c8571ac0ce1 | 0.0.0 |
| v0.0.0-20170604230408-02dd45c33376 | 0.0.0 |
| v0.0.0-20171227194143-aafc9e6bc7b7 | 0.0.0 |
| v0.0.0-20180219093839-391726f8973d | 0.0.0 |
| v0.0.0-20180323000720-5d63dbd981b5 | 0.0.0 |
| v0.0.0-20180827131323-e3636079e1a4 | 0.0.0 |
| v0.0.0-20181003013248-f5e5bdd77824 | 0.0.0 |
| v0.0.0-20181026183834-f60e5f99f081 | 0.0.0 |
| v0.0.0-20190125204638-b490519efff9 | 0.0.0 |
| v0.0.0-20190216163058-9e08161f2597 | 0.0.0 |
| v0.0.3 | 0.0.3 |
| v0.3.0 | 0.3.0 |
| v0.7.0 | 0.7.0 |
| v0.7.4 | 0.7.4 |
| v0.8.0 | 0.8.0 |
| v1.0.3 | 1.0.3 |
| v1.2.0 | 1.2.0 |
| v1.2.2 | 1.2.2 |
| v1.3.0 | 1.3.0 |
| v1.4.2 | 1.4.2 |
| v1.15.0 | 1.15.0 |
| v3.1.1+incompatible | 3.1.1 |
| v3.3.2+incompatible | 3.3.2 |
