| gen_box_expr.rs:5:13:5:37 | BoxExpr | getExpr: | gen_box_expr.rs:5:35:5:36 | LiteralExpr |
