edges
| app/controllers/users_controller.rb:4:11:4:16 | call to params :  | app/controllers/users_controller.rb:4:11:4:27 | ...[...] |
| app/controllers/users_controller.rb:9:16:9:21 | call to params :  | app/controllers/users_controller.rb:9:16:9:27 | ...[...] :  |
| app/controllers/users_controller.rb:9:16:9:27 | ...[...] :  | app/controllers/users_controller.rb:10:42:10:49 | password |
| app/controllers/users_controller.rb:14:5:14:13 | [post] self [@password] :  | app/controllers/users_controller.rb:15:42:15:50 | self [@password] :  |
| app/controllers/users_controller.rb:14:17:14:22 | call to params :  | app/controllers/users_controller.rb:14:17:14:28 | ...[...] :  |
| app/controllers/users_controller.rb:14:17:14:28 | ...[...] :  | app/controllers/users_controller.rb:14:5:14:13 | [post] self [@password] :  |
| app/controllers/users_controller.rb:15:42:15:50 | self [@password] :  | app/controllers/users_controller.rb:15:42:15:50 | @password |
nodes
| app/controllers/users_controller.rb:4:11:4:16 | call to params :  | semmle.label | call to params :  |
| app/controllers/users_controller.rb:4:11:4:27 | ...[...] | semmle.label | ...[...] |
| app/controllers/users_controller.rb:9:16:9:21 | call to params :  | semmle.label | call to params :  |
| app/controllers/users_controller.rb:9:16:9:27 | ...[...] :  | semmle.label | ...[...] :  |
| app/controllers/users_controller.rb:10:42:10:49 | password | semmle.label | password |
| app/controllers/users_controller.rb:14:5:14:13 | [post] self [@password] :  | semmle.label | [post] self [@password] :  |
| app/controllers/users_controller.rb:14:17:14:22 | call to params :  | semmle.label | call to params :  |
| app/controllers/users_controller.rb:14:17:14:28 | ...[...] :  | semmle.label | ...[...] :  |
| app/controllers/users_controller.rb:15:42:15:50 | @password | semmle.label | @password |
| app/controllers/users_controller.rb:15:42:15:50 | self [@password] :  | semmle.label | self [@password] :  |
subpaths
#select
| app/controllers/users_controller.rb:4:11:4:16 | call to params | app/controllers/users_controller.rb:4:11:4:16 | call to params :  | app/controllers/users_controller.rb:4:11:4:27 | ...[...] | $@ for GET requests uses query parameter as sensitive data. | app/controllers/users_controller.rb:3:3:6:5 | login_get_1 | Route handler |
| app/controllers/users_controller.rb:9:16:9:21 | call to params | app/controllers/users_controller.rb:9:16:9:21 | call to params :  | app/controllers/users_controller.rb:10:42:10:49 | password | $@ for GET requests uses query parameter as sensitive data. | app/controllers/users_controller.rb:8:3:11:5 | login_get_2 | Route handler |
| app/controllers/users_controller.rb:14:17:14:22 | call to params | app/controllers/users_controller.rb:14:17:14:22 | call to params :  | app/controllers/users_controller.rb:15:42:15:50 | @password | $@ for GET requests uses query parameter as sensitive data. | app/controllers/users_controller.rb:13:3:16:5 | login_get_3 | Route handler |
