| gen_if_expr.rs:5:5:7:5 | IfExpr | gen_if_expr.rs:5:8:5:14 | BinaryExpr |
| gen_if_expr.rs:8:13:12:5 | IfExpr | gen_if_expr.rs:8:16:8:20 | BinaryExpr |
