| calls2.cpp:6:2:6:5 | call to swap | 0 | calls2.cpp:6:7:6:8 | & ... |
| calls2.cpp:6:2:6:5 | call to swap | 1 | calls2.cpp:6:10:6:11 | & ... |
| calls2.cpp:13:2:13:5 | call to expression | 0 | calls2.cpp:13:4:13:4 | b |
| calls2.cpp:13:2:13:5 | call to expression | 0 | calls2.cpp:13:4:13:4 | b |
| calls2.cpp:18:2:18:8 | call to compute | 0 | calls2.cpp:18:10:18:11 | aa |
| calls2.cpp:18:2:18:8 | call to compute | 1 | calls2.cpp:18:14:18:19 | negate |
| calls3.cpp:11:13:11:13 | call to g | 0 | calls3.cpp:11:15:11:15 | 1 |
| calls3.cpp:11:13:11:13 | call to g | 1 | calls3.cpp:11:18:11:18 | 2 |
