| file://:0:0:0:0 | There was an error during this compilation |
| float128.cpp:1:39:1:39 | 128-bit floating-point types are not supported in this configuration |
| float128.cpp:2:30:2:30 | 128-bit floating-point types are not supported in this configuration |
