edges
| ResponseSplitting.java:22:20:22:67 | new Cookie(...) : Cookie | ResponseSplitting.java:23:23:23:28 | cookie |
| ResponseSplitting.java:22:39:22:66 | getParameter(...) : String | ResponseSplitting.java:22:20:22:67 | new Cookie(...) : Cookie |
| ResponseSplitting.java:53:14:53:48 | getParameter(...) : String | ResponseSplitting.java:59:27:59:27 | t : String |
| ResponseSplitting.java:59:27:59:27 | t : String | ResponseSplitting.java:59:27:59:57 | replaceFirst(...) |
nodes
| ResponseSplitting.java:22:20:22:67 | new Cookie(...) : Cookie | semmle.label | new Cookie(...) : Cookie |
| ResponseSplitting.java:22:39:22:66 | getParameter(...) : String | semmle.label | getParameter(...) : String |
| ResponseSplitting.java:23:23:23:28 | cookie | semmle.label | cookie |
| ResponseSplitting.java:28:38:28:72 | getParameter(...) | semmle.label | getParameter(...) |
| ResponseSplitting.java:29:38:29:72 | getParameter(...) | semmle.label | getParameter(...) |
| ResponseSplitting.java:53:14:53:48 | getParameter(...) : String | semmle.label | getParameter(...) : String |
| ResponseSplitting.java:59:27:59:27 | t : String | semmle.label | t : String |
| ResponseSplitting.java:59:27:59:57 | replaceFirst(...) | semmle.label | replaceFirst(...) |
subpaths
#select
| ResponseSplitting.java:23:23:23:28 | cookie | ResponseSplitting.java:22:39:22:66 | getParameter(...) : String | ResponseSplitting.java:23:23:23:28 | cookie | This header depends on a $@, which may cause a response-splitting vulnerability. | ResponseSplitting.java:22:39:22:66 | getParameter(...) | user-provided value |
| ResponseSplitting.java:28:38:28:72 | getParameter(...) | ResponseSplitting.java:28:38:28:72 | getParameter(...) | ResponseSplitting.java:28:38:28:72 | getParameter(...) | This header depends on a $@, which may cause a response-splitting vulnerability. | ResponseSplitting.java:28:38:28:72 | getParameter(...) | user-provided value |
| ResponseSplitting.java:29:38:29:72 | getParameter(...) | ResponseSplitting.java:29:38:29:72 | getParameter(...) | ResponseSplitting.java:29:38:29:72 | getParameter(...) | This header depends on a $@, which may cause a response-splitting vulnerability. | ResponseSplitting.java:29:38:29:72 | getParameter(...) | user-provided value |
| ResponseSplitting.java:59:27:59:57 | replaceFirst(...) | ResponseSplitting.java:53:14:53:48 | getParameter(...) : String | ResponseSplitting.java:59:27:59:57 | replaceFirst(...) | This header depends on a $@, which may cause a response-splitting vulnerability. | ResponseSplitting.java:53:14:53:48 | getParameter(...) | user-provided value |
