| bitshift.cpp:23:3:23:9 | ... <<= ... | 0.0 | 255.0 | file://:0:0:0:0 | unsigned char | file://:0:0:0:0 | int | file://:0:0:0:0 | unsigned char | file://:0:0:0:0 | int |
| bitshift.cpp:25:5:25:11 | ... <<= ... | 0.0 | 240.0 | file://:0:0:0:0 | unsigned char | file://:0:0:0:0 | int | file://:0:0:0:0 | unsigned char | file://:0:0:0:0 | int |
| bitshift.cpp:29:3:29:8 | ... << ... | 0.0 | 1020.0 | file://:0:0:0:0 | unsigned char | file://:0:0:0:0 | int | file://:0:0:0:0 | int | file://:0:0:0:0 | int |
| bitshift.cpp:32:3:32:9 | ... << ... | -2.147483648E9 | 2.147483647E9 | file://:0:0:0:0 | unsigned char | file://:0:0:0:0 | int | file://:0:0:0:0 | int | file://:0:0:0:0 | int |
| bitshift.cpp:35:3:35:9 | ... << ... | -2.147483648E9 | 2.147483647E9 | file://:0:0:0:0 | unsigned char | file://:0:0:0:0 | int | file://:0:0:0:0 | int | file://:0:0:0:0 | int |
| bitshift.cpp:38:3:38:22 | ... << ... | 0.0 | 32640.0 | file://:0:0:0:0 | unsigned char | file://:0:0:0:0 | unsigned char | file://:0:0:0:0 | int | file://:0:0:0:0 | int |
| bitshift.cpp:39:3:39:22 | ... << ... | 0.0 | 32640.0 | file://:0:0:0:0 | unsigned char | file://:0:0:0:0 | unsigned char | file://:0:0:0:0 | int | file://:0:0:0:0 | int |
| bitshift.cpp:40:3:40:22 | ... << ... | 0.0 | 32640.0 | file://:0:0:0:0 | unsigned char | file://:0:0:0:0 | unsigned char | file://:0:0:0:0 | int | file://:0:0:0:0 | int |
| bitshift.cpp:43:3:43:19 | ... << ... | -2.147483648E9 | 2.147483647E9 | file://:0:0:0:0 | unsigned char | file://:0:0:0:0 | signed char | file://:0:0:0:0 | int | file://:0:0:0:0 | int |
| bitshift.cpp:46:3:46:22 | ... << ... | 128.0 | 128.0 | file://:0:0:0:0 | int | file://:0:0:0:0 | unsigned char | file://:0:0:0:0 | int | file://:0:0:0:0 | int |
| bitshift.cpp:49:3:49:8 | ... << ... | -2.147483648E9 | 2.147483647E9 | file://:0:0:0:0 | int | file://:0:0:0:0 | unsigned char | file://:0:0:0:0 | int | file://:0:0:0:0 | int |
| bitshift.cpp:52:5:52:10 | ... << ... | 1.0 | 128.0 | file://:0:0:0:0 | int | file://:0:0:0:0 | unsigned char | file://:0:0:0:0 | int | file://:0:0:0:0 | int |
| bitshift.cpp:57:3:57:8 | ... << ... | -2.147483648E9 | 2.147483647E9 | file://:0:0:0:0 | signed char | file://:0:0:0:0 | int | file://:0:0:0:0 | int | file://:0:0:0:0 | int |
| bitshift.cpp:58:3:58:9 | ... << ... | -2.147483648E9 | 2.147483647E9 | file://:0:0:0:0 | signed char | file://:0:0:0:0 | int | file://:0:0:0:0 | int | file://:0:0:0:0 | int |
| bitshift.cpp:59:3:59:9 | ... << ... | -2.147483648E9 | 2.147483647E9 | file://:0:0:0:0 | signed char | file://:0:0:0:0 | int | file://:0:0:0:0 | int | file://:0:0:0:0 | int |
| bitshift.cpp:60:3:60:22 | ... << ... | -2.147483648E9 | 2.147483647E9 | file://:0:0:0:0 | signed char | file://:0:0:0:0 | unsigned char | file://:0:0:0:0 | int | file://:0:0:0:0 | int |
| bitshift.cpp:61:3:61:19 | ... << ... | -2.147483648E9 | 2.147483647E9 | file://:0:0:0:0 | signed char | file://:0:0:0:0 | signed char | file://:0:0:0:0 | int | file://:0:0:0:0 | int |
| bitshift.cpp:64:3:64:19 | ... << ... | -2.147483648E9 | 2.147483647E9 | file://:0:0:0:0 | int | file://:0:0:0:0 | signed char | file://:0:0:0:0 | int | file://:0:0:0:0 | int |
| bitshift.cpp:67:3:67:8 | ... << ... | -2.147483648E9 | 2.147483647E9 | file://:0:0:0:0 | int | file://:0:0:0:0 | signed char | file://:0:0:0:0 | int | file://:0:0:0:0 | int |
| bitshift.cpp:70:5:70:10 | ... << ... | 1.0 | 128.0 | file://:0:0:0:0 | int | file://:0:0:0:0 | signed char | file://:0:0:0:0 | int | file://:0:0:0:0 | int |
| bitshift.cpp:75:5:75:10 | ... << ... | -2.147483648E9 | 2.147483647E9 | file://:0:0:0:0 | unsigned char | file://:0:0:0:0 | signed char | file://:0:0:0:0 | int | file://:0:0:0:0 | int |
| bitshift.cpp:76:5:76:10 | ... << ... | -2.147483648E9 | 2.147483647E9 | file://:0:0:0:0 | signed char | file://:0:0:0:0 | unsigned char | file://:0:0:0:0 | int | file://:0:0:0:0 | int |
| bitshift.cpp:90:3:90:9 | ... >>= ... | 0.0 | 63.0 | file://:0:0:0:0 | unsigned char | file://:0:0:0:0 | int | file://:0:0:0:0 | unsigned char | file://:0:0:0:0 | int |
| bitshift.cpp:92:5:92:11 | ... >>= ... | 0.0 | 15.0 | file://:0:0:0:0 | unsigned char | file://:0:0:0:0 | int | file://:0:0:0:0 | unsigned char | file://:0:0:0:0 | int |
| bitshift.cpp:96:3:96:8 | ... >> ... | 0.0 | 63.0 | file://:0:0:0:0 | unsigned char | file://:0:0:0:0 | int | file://:0:0:0:0 | int | file://:0:0:0:0 | int |
| bitshift.cpp:99:3:99:9 | ... >> ... | 0.0 | 0.0 | file://:0:0:0:0 | unsigned char | file://:0:0:0:0 | int | file://:0:0:0:0 | int | file://:0:0:0:0 | int |
| bitshift.cpp:103:3:103:9 | ... >> ... | 0.0 | 0.0 | file://:0:0:0:0 | unsigned char | file://:0:0:0:0 | int | file://:0:0:0:0 | int | file://:0:0:0:0 | int |
| bitshift.cpp:106:3:106:22 | ... >> ... | 0.0 | 63.0 | file://:0:0:0:0 | unsigned char | file://:0:0:0:0 | unsigned char | file://:0:0:0:0 | int | file://:0:0:0:0 | int |
| bitshift.cpp:107:3:107:22 | ... >> ... | 0.0 | 63.0 | file://:0:0:0:0 | unsigned char | file://:0:0:0:0 | unsigned char | file://:0:0:0:0 | int | file://:0:0:0:0 | int |
| bitshift.cpp:108:3:108:22 | ... >> ... | 0.0 | 63.0 | file://:0:0:0:0 | unsigned char | file://:0:0:0:0 | unsigned char | file://:0:0:0:0 | int | file://:0:0:0:0 | int |
| bitshift.cpp:111:3:111:19 | ... >> ... | -2.147483648E9 | 2.147483647E9 | file://:0:0:0:0 | unsigned char | file://:0:0:0:0 | signed char | file://:0:0:0:0 | int | file://:0:0:0:0 | int |
| bitshift.cpp:114:3:114:24 | ... >> ... | 32.0 | 32.0 | file://:0:0:0:0 | int | file://:0:0:0:0 | unsigned char | file://:0:0:0:0 | int | file://:0:0:0:0 | int |
| bitshift.cpp:117:3:117:10 | ... >> ... | -2.147483648E9 | 2.147483647E9 | file://:0:0:0:0 | int | file://:0:0:0:0 | unsigned char | file://:0:0:0:0 | int | file://:0:0:0:0 | int |
| bitshift.cpp:120:5:120:12 | ... >> ... | 32.0 | 128.0 | file://:0:0:0:0 | int | file://:0:0:0:0 | unsigned char | file://:0:0:0:0 | int | file://:0:0:0:0 | int |
| bitshift.cpp:126:3:126:8 | ... >> ... | -2.147483648E9 | 2.147483647E9 | file://:0:0:0:0 | signed char | file://:0:0:0:0 | int | file://:0:0:0:0 | int | file://:0:0:0:0 | int |
| bitshift.cpp:127:3:127:9 | ... >> ... | -2.147483648E9 | 2.147483647E9 | file://:0:0:0:0 | signed char | file://:0:0:0:0 | int | file://:0:0:0:0 | int | file://:0:0:0:0 | int |
| bitshift.cpp:128:3:128:9 | ... >> ... | -1.0 | 0.0 | file://:0:0:0:0 | signed char | file://:0:0:0:0 | int | file://:0:0:0:0 | int | file://:0:0:0:0 | int |
| bitshift.cpp:129:3:129:22 | ... >> ... | -2.147483648E9 | 2.147483647E9 | file://:0:0:0:0 | signed char | file://:0:0:0:0 | unsigned char | file://:0:0:0:0 | int | file://:0:0:0:0 | int |
| bitshift.cpp:130:3:130:19 | ... >> ... | -2.147483648E9 | 2.147483647E9 | file://:0:0:0:0 | signed char | file://:0:0:0:0 | signed char | file://:0:0:0:0 | int | file://:0:0:0:0 | int |
| bitshift.cpp:133:3:133:21 | ... >> ... | -2.147483648E9 | 2.147483647E9 | file://:0:0:0:0 | int | file://:0:0:0:0 | signed char | file://:0:0:0:0 | int | file://:0:0:0:0 | int |
| bitshift.cpp:136:3:136:10 | ... >> ... | -2.147483648E9 | 2.147483647E9 | file://:0:0:0:0 | int | file://:0:0:0:0 | signed char | file://:0:0:0:0 | int | file://:0:0:0:0 | int |
| bitshift.cpp:139:5:139:12 | ... >> ... | 32.0 | 128.0 | file://:0:0:0:0 | int | file://:0:0:0:0 | signed char | file://:0:0:0:0 | int | file://:0:0:0:0 | int |
| bitshift.cpp:144:5:144:10 | ... >> ... | -2.147483648E9 | 2.147483647E9 | file://:0:0:0:0 | unsigned char | file://:0:0:0:0 | signed char | file://:0:0:0:0 | int | file://:0:0:0:0 | int |
| bitshift.cpp:145:5:145:10 | ... >> ... | -2.147483648E9 | 2.147483647E9 | file://:0:0:0:0 | signed char | file://:0:0:0:0 | unsigned char | file://:0:0:0:0 | int | file://:0:0:0:0 | int |
