instances
| gen_abi.rs:7:5:7:14 | Abi |
getAbiString
| gen_abi.rs:7:5:7:14 | Abi | "C" |
