getALibraryInputParameter
| lib1/foo.js:3:44:3:44 | d |
| lib1/main.js:6:17:6:17 | a |
| lib1/main.js:7:25:7:25 | b |
| lib1/main.js:8:20:8:20 | c |
getAnExportedValue
| absent_main/index.js:1:1:2:0 | <toplevel> | foo | absent_main/index.js:1:22:1:34 | function() {} |
| esmodules/main.js:1:1:4:0 | <toplevel> | exported | esmodules/main.js:1:8:1:29 | functio ... ed() {} |
| lib1/baz.js:1:1:5:1 | <toplevel> | bar | lib1/baz.js:4:10:4:26 | function bar() {} |
| lib1/baz.js:1:1:5:1 | <toplevel> | foo | lib1/baz.js:3:10:3:26 | function foo() {} |
| lib1/foo.js:1:1:3:48 | <toplevel> | foo | lib1/foo.js:3:22:3:48 | functio ... d(d) {} |
| lib1/main.js:1:1:17:30 | <toplevel> | Baz | lib1/main.js:17:22:17:30 | new Baz() |
| lib1/main.js:1:1:17:30 | <toplevel> | bar | lib1/main.js:5:22:9:1 | class B ... c) {}\\n} |
| lib1/main.js:1:1:17:30 | <toplevel> | foo | lib1/main.js:3:22:3:40 | require("./foo.js") |
| lib1/reexport/a.js:1:1:3:1 | <toplevel> | reexported | lib1/reexport/a.js:2:17:2:40 | functio ... ed() {} |
| lib1/reexport/b.js:1:1:6:1 | <toplevel> | base | lib1/reexport/b.js:4:11:4:28 | function base() {} |
| lib1/reexport/b.js:1:1:6:1 | <toplevel> | reexported | lib1/reexport/a.js:2:17:2:40 | functio ... ed() {} |
| notPublic.ts:1:1:12:0 | <toplevel> | PublicClass | notPublic.ts:1:8:11:1 | class P ... > {};\\n} |
