edges
| ReflectedXss.go:11:15:11:20 | selection of Form | ReflectedXss.go:14:44:14:51 | username |
| contenttype.go:11:11:11:16 | selection of Form | contenttype.go:17:11:17:22 | type conversion |
| contenttype.go:49:11:49:16 | selection of Form | contenttype.go:53:34:53:37 | data |
| contenttype.go:63:10:63:28 | call to FormValue | contenttype.go:64:52:64:55 | data |
| contenttype.go:73:10:73:28 | call to FormValue | contenttype.go:79:11:79:14 | data |
| contenttype.go:88:10:88:28 | call to FormValue | contenttype.go:91:4:91:7 | data |
| contenttype.go:113:10:113:28 | call to FormValue | contenttype.go:114:50:114:53 | data |
| reflectedxsstest.go:27:2:27:38 | ... := ...[0] | reflectedxsstest.go:28:10:28:57 | type conversion |
| reflectedxsstest.go:31:2:31:44 | ... := ...[0] | reflectedxsstest.go:33:10:33:57 | type conversion |
| reflectedxsstest.go:31:2:31:44 | ... := ...[1] | reflectedxsstest.go:34:10:34:62 | type conversion |
| reflectedxsstest.go:38:2:38:35 | ... := ...[0] | reflectedxsstest.go:44:10:44:55 | type conversion |
| reflectedxsstest.go:38:2:38:35 | ... := ...[0] | reflectedxsstest.go:45:10:45:18 | byteSlice |
| reflectedxsstest.go:51:14:51:18 | selection of URL | reflectedxsstest.go:54:11:54:21 | type conversion |
| tst.go:14:15:14:20 | selection of Form | tst.go:18:12:18:39 | type conversion |
| tst.go:48:14:48:19 | selection of Form | tst.go:53:12:53:26 | type conversion |
| websocketXss.go:30:7:30:10 | definition of xnet | websocketXss.go:32:24:32:27 | xnet |
| websocketXss.go:34:3:34:7 | definition of xnet2 | websocketXss.go:36:24:36:28 | xnet2 |
| websocketXss.go:40:3:40:40 | ... := ...[1] | websocketXss.go:41:24:41:29 | nhooyr |
| websocketXss.go:46:7:46:16 | definition of gorillaMsg | websocketXss.go:48:24:48:33 | gorillaMsg |
| websocketXss.go:50:3:50:10 | definition of gorilla2 | websocketXss.go:52:24:52:31 | gorilla2 |
| websocketXss.go:54:3:54:38 | ... := ...[1] | websocketXss.go:55:24:55:31 | gorilla3 |
nodes
| ReflectedXss.go:11:15:11:20 | selection of Form | semmle.label | selection of Form |
| ReflectedXss.go:14:44:14:51 | username | semmle.label | username |
| contenttype.go:11:11:11:16 | selection of Form | semmle.label | selection of Form |
| contenttype.go:17:11:17:22 | type conversion | semmle.label | type conversion |
| contenttype.go:49:11:49:16 | selection of Form | semmle.label | selection of Form |
| contenttype.go:53:34:53:37 | data | semmle.label | data |
| contenttype.go:63:10:63:28 | call to FormValue | semmle.label | call to FormValue |
| contenttype.go:64:52:64:55 | data | semmle.label | data |
| contenttype.go:73:10:73:28 | call to FormValue | semmle.label | call to FormValue |
| contenttype.go:79:11:79:14 | data | semmle.label | data |
| contenttype.go:88:10:88:28 | call to FormValue | semmle.label | call to FormValue |
| contenttype.go:91:4:91:7 | data | semmle.label | data |
| contenttype.go:113:10:113:28 | call to FormValue | semmle.label | call to FormValue |
| contenttype.go:114:50:114:53 | data | semmle.label | data |
| reflectedxsstest.go:27:2:27:38 | ... := ...[0] | semmle.label | ... := ...[0] |
| reflectedxsstest.go:28:10:28:57 | type conversion | semmle.label | type conversion |
| reflectedxsstest.go:31:2:31:44 | ... := ...[0] | semmle.label | ... := ...[0] |
| reflectedxsstest.go:31:2:31:44 | ... := ...[1] | semmle.label | ... := ...[1] |
| reflectedxsstest.go:33:10:33:57 | type conversion | semmle.label | type conversion |
| reflectedxsstest.go:34:10:34:62 | type conversion | semmle.label | type conversion |
| reflectedxsstest.go:38:2:38:35 | ... := ...[0] | semmle.label | ... := ...[0] |
| reflectedxsstest.go:44:10:44:55 | type conversion | semmle.label | type conversion |
| reflectedxsstest.go:45:10:45:18 | byteSlice | semmle.label | byteSlice |
| reflectedxsstest.go:51:14:51:18 | selection of URL | semmle.label | selection of URL |
| reflectedxsstest.go:54:11:54:21 | type conversion | semmle.label | type conversion |
| tst.go:14:15:14:20 | selection of Form | semmle.label | selection of Form |
| tst.go:18:12:18:39 | type conversion | semmle.label | type conversion |
| tst.go:48:14:48:19 | selection of Form | semmle.label | selection of Form |
| tst.go:53:12:53:26 | type conversion | semmle.label | type conversion |
| websocketXss.go:30:7:30:10 | definition of xnet | semmle.label | definition of xnet |
| websocketXss.go:32:24:32:27 | xnet | semmle.label | xnet |
| websocketXss.go:34:3:34:7 | definition of xnet2 | semmle.label | definition of xnet2 |
| websocketXss.go:36:24:36:28 | xnet2 | semmle.label | xnet2 |
| websocketXss.go:40:3:40:40 | ... := ...[1] | semmle.label | ... := ...[1] |
| websocketXss.go:41:24:41:29 | nhooyr | semmle.label | nhooyr |
| websocketXss.go:46:7:46:16 | definition of gorillaMsg | semmle.label | definition of gorillaMsg |
| websocketXss.go:48:24:48:33 | gorillaMsg | semmle.label | gorillaMsg |
| websocketXss.go:50:3:50:10 | definition of gorilla2 | semmle.label | definition of gorilla2 |
| websocketXss.go:52:24:52:31 | gorilla2 | semmle.label | gorilla2 |
| websocketXss.go:54:3:54:38 | ... := ...[1] | semmle.label | ... := ...[1] |
| websocketXss.go:55:24:55:31 | gorilla3 | semmle.label | gorilla3 |
subpaths
#select
| ReflectedXss.go:14:44:14:51 | username | ReflectedXss.go:11:15:11:20 | selection of Form | ReflectedXss.go:14:44:14:51 | username | Cross-site scripting vulnerability due to $@. | ReflectedXss.go:11:15:11:20 | selection of Form | user-provided value | ReflectedXss.go:0:0:0:0 | ReflectedXss.go |  |
| contenttype.go:17:11:17:22 | type conversion | contenttype.go:11:11:11:16 | selection of Form | contenttype.go:17:11:17:22 | type conversion | Cross-site scripting vulnerability due to $@. | contenttype.go:11:11:11:16 | selection of Form | user-provided value | contenttype.go:0:0:0:0 | contenttype.go |  |
| contenttype.go:53:34:53:37 | data | contenttype.go:49:11:49:16 | selection of Form | contenttype.go:53:34:53:37 | data | Cross-site scripting vulnerability due to $@. | contenttype.go:49:11:49:16 | selection of Form | user-provided value | contenttype.go:0:0:0:0 | contenttype.go |  |
| contenttype.go:64:52:64:55 | data | contenttype.go:63:10:63:28 | call to FormValue | contenttype.go:64:52:64:55 | data | Cross-site scripting vulnerability due to $@. | contenttype.go:63:10:63:28 | call to FormValue | user-provided value | contenttype.go:0:0:0:0 | contenttype.go |  |
| contenttype.go:79:11:79:14 | data | contenttype.go:73:10:73:28 | call to FormValue | contenttype.go:79:11:79:14 | data | Cross-site scripting vulnerability due to $@. | contenttype.go:73:10:73:28 | call to FormValue | user-provided value | contenttype.go:0:0:0:0 | contenttype.go |  |
| contenttype.go:91:4:91:7 | data | contenttype.go:88:10:88:28 | call to FormValue | contenttype.go:91:4:91:7 | data | Cross-site scripting vulnerability due to $@. | contenttype.go:88:10:88:28 | call to FormValue | user-provided value | contenttype.go:0:0:0:0 | contenttype.go |  |
| contenttype.go:114:50:114:53 | data | contenttype.go:113:10:113:28 | call to FormValue | contenttype.go:114:50:114:53 | data | Cross-site scripting vulnerability due to $@. | contenttype.go:113:10:113:28 | call to FormValue | user-provided value | contenttype.go:0:0:0:0 | contenttype.go |  |
| reflectedxsstest.go:28:10:28:57 | type conversion | reflectedxsstest.go:27:2:27:38 | ... := ...[0] | reflectedxsstest.go:28:10:28:57 | type conversion | Cross-site scripting vulnerability due to $@. | reflectedxsstest.go:27:2:27:38 | ... := ...[0] | user-provided value | reflectedxsstest.go:0:0:0:0 | reflectedxsstest.go |  |
| reflectedxsstest.go:33:10:33:57 | type conversion | reflectedxsstest.go:31:2:31:44 | ... := ...[0] | reflectedxsstest.go:33:10:33:57 | type conversion | Cross-site scripting vulnerability due to $@. | reflectedxsstest.go:31:2:31:44 | ... := ...[0] | user-provided value | reflectedxsstest.go:0:0:0:0 | reflectedxsstest.go |  |
| reflectedxsstest.go:34:10:34:62 | type conversion | reflectedxsstest.go:31:2:31:44 | ... := ...[1] | reflectedxsstest.go:34:10:34:62 | type conversion | Cross-site scripting vulnerability due to $@. | reflectedxsstest.go:31:2:31:44 | ... := ...[1] | user-provided value | reflectedxsstest.go:0:0:0:0 | reflectedxsstest.go |  |
| reflectedxsstest.go:44:10:44:55 | type conversion | reflectedxsstest.go:38:2:38:35 | ... := ...[0] | reflectedxsstest.go:44:10:44:55 | type conversion | Cross-site scripting vulnerability due to $@. | reflectedxsstest.go:38:2:38:35 | ... := ...[0] | user-provided value | reflectedxsstest.go:0:0:0:0 | reflectedxsstest.go |  |
| reflectedxsstest.go:45:10:45:18 | byteSlice | reflectedxsstest.go:38:2:38:35 | ... := ...[0] | reflectedxsstest.go:45:10:45:18 | byteSlice | Cross-site scripting vulnerability due to $@. | reflectedxsstest.go:38:2:38:35 | ... := ...[0] | user-provided value | reflectedxsstest.go:0:0:0:0 | reflectedxsstest.go |  |
| reflectedxsstest.go:54:11:54:21 | type conversion | reflectedxsstest.go:51:14:51:18 | selection of URL | reflectedxsstest.go:54:11:54:21 | type conversion | Cross-site scripting vulnerability due to $@. | reflectedxsstest.go:51:14:51:18 | selection of URL | user-provided value | reflectedxsstest.go:0:0:0:0 | reflectedxsstest.go |  |
| tst.go:18:12:18:39 | type conversion | tst.go:14:15:14:20 | selection of Form | tst.go:18:12:18:39 | type conversion | Cross-site scripting vulnerability due to $@. | tst.go:14:15:14:20 | selection of Form | user-provided value | tst.go:0:0:0:0 | tst.go |  |
| tst.go:53:12:53:26 | type conversion | tst.go:48:14:48:19 | selection of Form | tst.go:53:12:53:26 | type conversion | Cross-site scripting vulnerability due to $@. | tst.go:48:14:48:19 | selection of Form | user-provided value | tst.go:0:0:0:0 | tst.go |  |
| websocketXss.go:32:24:32:27 | xnet | websocketXss.go:30:7:30:10 | definition of xnet | websocketXss.go:32:24:32:27 | xnet | Cross-site scripting vulnerability due to $@. | websocketXss.go:30:7:30:10 | definition of xnet | user-provided value | websocketXss.go:0:0:0:0 | websocketXss.go |  |
| websocketXss.go:36:24:36:28 | xnet2 | websocketXss.go:34:3:34:7 | definition of xnet2 | websocketXss.go:36:24:36:28 | xnet2 | Cross-site scripting vulnerability due to $@. | websocketXss.go:34:3:34:7 | definition of xnet2 | user-provided value | websocketXss.go:0:0:0:0 | websocketXss.go |  |
| websocketXss.go:41:24:41:29 | nhooyr | websocketXss.go:40:3:40:40 | ... := ...[1] | websocketXss.go:41:24:41:29 | nhooyr | Cross-site scripting vulnerability due to $@. | websocketXss.go:40:3:40:40 | ... := ...[1] | user-provided value | websocketXss.go:0:0:0:0 | websocketXss.go |  |
| websocketXss.go:48:24:48:33 | gorillaMsg | websocketXss.go:46:7:46:16 | definition of gorillaMsg | websocketXss.go:48:24:48:33 | gorillaMsg | Cross-site scripting vulnerability due to $@. | websocketXss.go:46:7:46:16 | definition of gorillaMsg | user-provided value | websocketXss.go:0:0:0:0 | websocketXss.go |  |
| websocketXss.go:52:24:52:31 | gorilla2 | websocketXss.go:50:3:50:10 | definition of gorilla2 | websocketXss.go:52:24:52:31 | gorilla2 | Cross-site scripting vulnerability due to $@. | websocketXss.go:50:3:50:10 | definition of gorilla2 | user-provided value | websocketXss.go:0:0:0:0 | websocketXss.go |  |
| websocketXss.go:55:24:55:31 | gorilla3 | websocketXss.go:54:3:54:38 | ... := ...[1] | websocketXss.go:55:24:55:31 | gorilla3 | Cross-site scripting vulnerability due to $@. | websocketXss.go:54:3:54:38 | ... := ...[1] | user-provided value | websocketXss.go:0:0:0:0 | websocketXss.go |  |
