| extensibility.c:5:7:5:7 | x | -2.147483648E9 | 2.147483647E9 |
| extensibility.c:5:19:5:19 | x | -10.0 | 2.147483647E9 |
| extensibility.c:6:38:6:38 | x | -10.0 | 10.0 |
| extensibility.c:7:12:7:17 | result | 90.0 | 110.0 |
| extensibility.c:12:16:12:16 | x | -2.147483648E9 | 2.147483647E9 |
| extensibility.c:12:35:12:35 | x | -2.147483648E9 | 2.147483647E9 |
| extensibility.c:13:10:13:15 | result | 0.0 | 0.0 |
| extensibility.c:17:3:17:23 | magic_name_at_most_10 | -2.147483648E9 | 10.0 |
| extensibility.c:18:3:18:23 | magic_name_at_most_20 | -2.147483648E9 | 20.0 |
