| Program.cs:0:0:0:0 | Program.cs |
| obj/Debug/net5.0/.NETCoreApp,Version=v5.0.AssemblyAttributes.cs:0:0:0:0 | obj/Debug/net5.0/.NETCoreApp,Version=v5.0.AssemblyAttributes.cs |
| obj/Debug/net5.0/autobuild.AssemblyInfo.cs:0:0:0:0 | obj/Debug/net5.0/autobuild.AssemblyInfo.cs |
